// Jest Snapshot v1, https://goo.gl/fbAQLP

exports[`Frame Unit Test renders correctly with three cells 1`] = `
<div
  className="frame"
>
  <div
    className="frame-header"
  >
    5
  </div>
  <div
    className="frame-body"
  >
    <div
      className="frame-cell"
    >
      
    </div>
    <div
      className="frame-cell"
    >
      
    </div>
    <div
      className="frame-cell"
    >
      
    </div>
  </div>
  <div
    className="frame-footer"
  >
    10
  </div>
</div>
`;

exports[`Frame Unit Test renders correctly with two cells 1`] = `
<div
  className="frame"
>
  <div
    className="frame-header"
  >
    1
  </div>
  <div
    className="frame-body"
  >
    <div
      className="frame-cell"
    >
      5
    </div>
    <div
      className="frame-cell"
    >
      5
    </div>
  </div>
  <div
    className="frame-footer"
  >
    10
  </div>
</div>
`;
